{"level":"error","message":"Error con el DNI: AUDACION","service":"user-service"}
{"level":"error","message":"Error con el DNI: 75910779","service":"user-service"}
{"level":"info","message":"Registro exitoso DNI: 45980324","service":"user-service"}
{"level":"info","message":"Registro exitoso DNI: 74597225","service":"user-service"}
{"level":"error","message":"Error con el DNI: AUDACION","service":"user-service"}
{"level":"error","message":"Error con el DNI: 75910779","service":"user-service"}
{"level":"info","message":"Registro exitoso DNI: 45980324","service":"user-service"}
{"level":"info","message":"Registro exitoso DNI: 74597225","service":"user-service"}
{"level":"info","message":"Registro exitoso DNI: 45972273","service":"user-service"}
{"level":"error","message":"Error con el DNI: 09323436","service":"user-service"}
{"level":"error","message":"Error con el DNI: 42796159","service":"user-service"}
{"level":"error","message":"Error con el DNI: 48696430","service":"user-service"}
{"level":"error","message":"Error con el DNI: 47905534","service":"user-service"}
{"level":"error","message":"Error con el DNI: 41299576","service":"user-service"}
{"level":"error","message":"Error con el DNI: 40199553","service":"user-service"}
{"level":"error","message":"Error con el DNI: 41142702","service":"user-service"}
{"level":"error","message":"Error con el DNI: 07483953","service":"user-service"}
{"level":"info","message":"Registro exitoso DNI: 20672434","service":"user-service"}
{"level":"error","message":"Error con el DNI: 75672332","service":"user-service"}
{"level":"error","message":"Error con el DNI: 47899030","service":"user-service"}
{"level":"error","message":"Error con el DNI: 25017140","service":"user-service"}
{"level":"info","message":"Registro exitoso DNI: 77706745","service":"user-service"}
{"level":"info","message":"Registro exitoso DNI: 70919495","service":"user-service"}
{"level":"error","message":"Error con el DNI: 16296018","service":"user-service"}
{"level":"error","message":"Error con el DNI: ESTO ITF","service":"user-service"}
{"level":"error","message":"Error con el DNI: 989712 0","service":"user-service"}
{"level":"error","message":"Error con el DNI: 06031368","service":"user-service"}
{"level":"info","message":"Registro exitoso DNI: 47335948","service":"user-service"}
{"level":"error","message":"Error con el DNI: 76855336","service":"user-service"}
{"level":"info","message":"Registro exitoso DNI: 44337916","service":"user-service"}
{"level":"error","message":"Error con el DNI: 09140130","service":"user-service"}
{"level":"error","message":"Error con el DNI: 47804887","service":"user-service"}
{"level":"info","message":"Registro exitoso DNI: 71265658","service":"user-service"}
{"level":"error","message":"Error con el DNI: 44033710","service":"user-service"}
{"level":"error","message":"Error con el DNI: 41560096","service":"user-service"}
{"level":"error","message":"Error con el DNI: 73970357","service":"user-service"}
{"level":"error","message":"Error con el DNI: 48706770","service":"user-service"}
{"level":"info","message":"Registro exitoso DNI: 76984366","service":"user-service"}
{"level":"info","message":"Registro exitoso DNI: 42729739","service":"user-service"}
{"level":"info","message":"Registro exitoso DNI: 80562708","service":"user-service"}
{"level":"error","message":"Error con el DNI: 22513850","service":"user-service"}
{"level":"info","message":"Registro exitoso DNI: 10121767","service":"user-service"}
{"level":"error","message":"Error con el DNI: 45017228","service":"user-service"}
{"level":"error","message":"Error con el DNI: AUDACION","service":"user-service"}
{"level":"error","message":"Error con el DNI: 720085 0","service":"user-service"}
{"level":"error","message":"Error con el DNI: 489664 0","service":"user-service"}
{"level":"error","message":"Error con el DNI: 030127 0","service":"user-service"}
{"level":"error","message":"Error con el DNI: 989712 0","service":"user-service"}
{"level":"error","message":"Error con el DNI: 066845 0","service":"user-service"}
{"level":"error","message":"Error con el DNI: 43688546","service":"user-service"}
{"level":"error","message":"Error con el DNI: 49062474","service":"user-service"}
{"level":"error","message":"Error con el DNI: 46600611","service":"user-service"}
{"level":"error","message":"Error con el DNI: 45388071","service":"user-service"}
{"level":"error","message":"Error con el DNI: 44368336","service":"user-service"}
{"level":"error","message":"Error con el DNI: 72441522","service":"user-service"}
{"level":"error","message":"Error con el DNI: 74347357","service":"user-service"}
{"level":"info","message":"Registro exitoso DNI: 76542076","service":"user-service"}
{"level":"info","message":"Registro exitoso DNI: 78719882","service":"user-service"}
{"level":"info","message":"Registro exitoso DNI: 45881489","service":"user-service"}
{"level":"info","message":"Registro exitoso DNI: 43171583","service":"user-service"}
{"level":"info","message":"Registro exitoso DNI: 74898688","service":"user-service"}
{"level":"error","message":"Error con el DNI: 46210837","service":"user-service"}
{"level":"error","message":"Error con el DNI: 75893825","service":"user-service"}
{"level":"error","message":"Error con el DNI: 74827802","service":"user-service"}
{"level":"info","message":"Registro exitoso DNI: 40483492","service":"user-service"}
{"level":"info","message":"Registro exitoso DNI: 75426242","service":"user-service"}
{"level":"error","message":"Error con el DNI: 48503192","service":"user-service"}
{"level":"error","message":"Error con el DNI: 60573573","service":"user-service"}
{"level":"error","message":"Error con el DNI: 09572366","service":"user-service"}
{"level":"error","message":"Error con el DNI: 15864528","service":"user-service"}
{"level":"error","message":"Error con el DNI: 46578181","service":"user-service"}
{"level":"error","message":"Error con el DNI: 75530539","service":"user-service"}
{"level":"info","message":"Registro exitoso DNI: 41453515","service":"user-service"}
{"level":"error","message":"Error con el DNI: 29623981","service":"user-service"}
{"level":"info","message":"Registro exitoso DNI: 10678290","service":"user-service"}
{"level":"error","message":"Error con el DNI: 08300597","service":"user-service"}
{"level":"info","message":"Registro exitoso DNI: 73901976","service":"user-service"}
{"level":"error","message":"Error con el DNI: AUDACION","service":"user-service"}
{"level":"error","message":"Error con el DNI: 16736864","service":"user-service"}
{"level":"info","message":"Registro exitoso DNI: 46751837","service":"user-service"}
{"level":"error","message":"Error con el DNI: 08327071","service":"user-service"}
{"level":"error","message":"Error con el DNI: 42438036","service":"user-service"}
{"level":"error","message":"Error con el DNI: 46721931","service":"user-service"}
{"level":"info","message":"Registro exitoso DNI: 43211801","service":"user-service"}
{"level":"error","message":"Error con el DNI: 07514710","service":"user-service"}
{"level":"error","message":"Error con el DNI: 41899303","service":"user-service"}
{"level":"info","message":"Registro exitoso DNI: 48365792","service":"user-service"}
{"level":"info","message":"Registro exitoso DNI: 31543415","service":"user-service"}
{"level":"error","message":"Error con el DNI: 43579099","service":"user-service"}
{"level":"error","message":"Error con el DNI: 60721483","service":"user-service"}
{"level":"error","message":"Error con el DNI: 07327684","service":"user-service"}
{"level":"error","message":"Error con el DNI: 74087451","service":"user-service"}
{"level":"error","message":"Error con el DNI: 41686983","service":"user-service"}
{"level":"info","message":"Registro exitoso DNI: 21532876","service":"user-service"}
{"level":"error","message":"Error con el DNI: 74613778","service":"user-service"}
{"level":"error","message":"Error con el DNI: 45104332","service":"user-service"}
{"level":"error","message":"Error con el DNI: 41729707","service":"user-service"}
{"level":"info","message":"Registro exitoso DNI: 43746814","service":"user-service"}
{"level":"error","message":"Error con el DNI: 45170530","service":"user-service"}
{"level":"error","message":"Error con el DNI: 40488807","service":"user-service"}
{"level":"info","message":"Registro exitoso DNI: 75635267","service":"user-service"}
{"level":"error","message":"Error con el DNI: 47961888","service":"user-service"}
{"level":"error","message":"Error con el DNI: 07461503","service":"user-service"}
{"level":"error","message":"Error con el DNI: 25846992","service":"user-service"}
{"level":"error","message":"Error con el DNI: 10666564","service":"user-service"}
{"level":"error","message":"Error con el DNI: 44513140","service":"user-service"}
{"level":"error","message":"Error con el DNI: 75671925","service":"user-service"}
{"level":"info","message":"Registro exitoso DNI: 40929136","service":"user-service"}
{"level":"info","message":"Registro exitoso DNI: 74427023","service":"user-service"}
{"level":"error","message":"Error con el DNI: 75684364","service":"user-service"}
{"level":"error","message":"Error con el DNI: 75865635","service":"user-service"}
{"level":"error","message":"Error con el DNI: 23013844","service":"user-service"}
{"level":"error","message":"Error con el DNI: ESTO ITF","service":"user-service"}
{"level":"error","message":"Error con el DNI: AUDACION","service":"user-service"}
{"level":"error","message":"Error con el DNI: 340161 0","service":"user-service"}
{"level":"error","message":"Error con el DNI: .TERC.BM","service":"user-service"}
{"level":"error","message":"Error con el DNI: 283501 0","service":"user-service"}
{"level":"info","message":"Registro exitoso DNI: 42148533","service":"user-service"}
{"level":"error","message":"Error con el DNI: 41798787","service":"user-service"}
{"level":"error","message":"Error con el DNI: 46890606","service":"user-service"}
{"level":"error","message":"Error con el DNI: 71205599","service":"user-service"}
{"level":"error","message":"Error con el DNI: 09947778","service":"user-service"}
{"level":"info","message":"Registro exitoso DNI: 27287503","service":"user-service"}
{"level":"info","message":"Registro exitoso DNI: 40815832","service":"user-service"}
{"level":"error","message":"Error con el DNI: 71298238","service":"user-service"}
{"level":"error","message":"Error con el DNI: 03381492","service":"user-service"}
{"level":"error","message":"Error con el DNI: 08695241","service":"user-service"}
{"level":"error","message":"Error con el DNI: 40936512","service":"user-service"}
{"level":"error","message":"Error con el DNI: 07496492","service":"user-service"}
{"level":"error","message":"Error con el DNI: 04040233","service":"user-service"}
{"level":"info","message":"Registro exitoso DNI: 20083169","service":"user-service"}
{"level":"error","message":"Error con el DNI: 42685996","service":"user-service"}
{"level":"error","message":"Error con el DNI: 43824494","service":"user-service"}
{"level":"error","message":"Error con el DNI: 46491164","service":"user-service"}
{"level":"error","message":"Error con el DNI: 05643127","service":"user-service"}
{"level":"error","message":"Error con el DNI: 44953855","service":"user-service"}
{"level":"error","message":"Error con el DNI: 48252870","service":"user-service"}
{"level":"error","message":"Error con el DNI: 73529485","service":"user-service"}
{"level":"error","message":"Error con el DNI: 48210013","service":"user-service"}
{"level":"info","message":"Registro exitoso DNI: 45831479","service":"user-service"}
{"level":"error","message":"Error con el DNI: 08632390","service":"user-service"}
{"level":"error","message":"Error con el DNI: 47374725","service":"user-service"}
{"level":"error","message":"Error con el DNI: 72403237","service":"user-service"}
{"level":"error","message":"Error con el DNI: 47529790","service":"user-service"}
{"level":"error","message":"Error con el DNI: 47694776","service":"user-service"}
{"level":"error","message":"Error con el DNI: 44740692","service":"user-service"}
{"level":"error","message":"Error con el DNI: 43063018","service":"user-service"}
{"level":"error","message":"Error con el DNI: 74427054","service":"user-service"}
{"level":"error","message":"Error con el DNI: AUDACION","service":"user-service"}
{"level":"info","message":"Registro exitoso DNI: 10130096","service":"user-service"}
{"level":"error","message":"Error con el DNI: 40788769","service":"user-service"}
{"level":"info","message":"Registro exitoso DNI: 47129166","service":"user-service"}
{"level":"error","message":"Error con el DNI: 44776362","service":"user-service"}
{"level":"error","message":"Error con el DNI: 41698844","service":"user-service"}
{"level":"info","message":"Registro exitoso DNI: 46106327","service":"user-service"}
{"level":"error","message":"Error con el DNI: 43301744","service":"user-service"}
{"level":"info","message":"Registro exitoso DNI: 44330076","service":"user-service"}
{"level":"error","message":"Error con el DNI: 43345308","service":"user-service"}
{"level":"error","message":"Error con el DNI: 40912993","service":"user-service"}
{"level":"error","message":"Error con el DNI: 73585503","service":"user-service"}
{"level":"error","message":"Error con el DNI: 45651395","service":"user-service"}
{"level":"info","message":"Registro exitoso DNI: 74038027","service":"user-service"}
{"level":"info","message":"Registro exitoso DNI: 44027483","service":"user-service"}
{"level":"error","message":"Error con el DNI: 40593717","service":"user-service"}
{"level":"info","message":"Registro exitoso DNI: 48275715","service":"user-service"}
{"level":"error","message":"Error con el DNI: 48060079","service":"user-service"}
{"level":"error","message":"Error con el DNI: 44425883","service":"user-service"}
{"level":"error","message":"Error con el DNI: 74585215","service":"user-service"}
{"level":"error","message":"Error con el DNI: 80631891","service":"user-service"}
{"level":"error","message":"Error con el DNI: 70828221","service":"user-service"}
{"level":"info","message":"Registro exitoso DNI: 71267823","service":"user-service"}
{"level":"info","message":"Registro exitoso DNI: 40841145","service":"user-service"}
{"level":"error","message":"Error con el DNI: de 19102","service":"user-service"}
{"level":"error","message":"Error con el DNI: AUDACION","service":"user-service"}
{"level":"error","message":"Error con el DNI: 78058374","service":"user-service"}
{"level":"error","message":"Error con el DNI: 79473331","service":"user-service"}
{"level":"error","message":"Error con el DNI: 60574313","service":"user-service"}
{"level":"error","message":"Error con el DNI: 10544383","service":"user-service"}
{"level":"error","message":"Error con el DNI: 70467090","service":"user-service"}
{"level":"info","message":"Registro exitoso DNI: 44963650","service":"user-service"}
{"level":"error","message":"Error con el DNI: 74925360","service":"user-service"}
{"level":"error","message":"Error con el DNI: 42268536","service":"user-service"}
{"level":"info","message":"Registro exitoso DNI: 46977547","service":"user-service"}
{"level":"error","message":"Error con el DNI: 77178413","service":"user-service"}
{"level":"info","message":"Registro exitoso DNI: 22074298","service":"user-service"}
{"level":"info","message":"Registro exitoso DNI: 46394078","service":"user-service"}
{"level":"error","message":"Error con el DNI: 10490612","service":"user-service"}
{"level":"error","message":"Error con el DNI: 22483067","service":"user-service"}
{"level":"error","message":"Error con el DNI: 77060758","service":"user-service"}
{"level":"error","message":"Error con el DNI: 48702483","service":"user-service"}
{"level":"error","message":"Error con el DNI: 10063020","service":"user-service"}
{"level":"info","message":"Registro exitoso DNI: 43357608","service":"user-service"}
{"level":"info","message":"Registro exitoso DNI: 42655668","service":"user-service"}
{"level":"error","message":"Error con el DNI: 61196745","service":"user-service"}
{"level":"info","message":"Registro exitoso DNI: 45591153","service":"user-service"}
{"level":"info","message":"Registro exitoso DNI: 10518345","service":"user-service"}
{"level":"error","message":"Error con el DNI: 46779599","service":"user-service"}
{"level":"error","message":"Error con el DNI: 41672880","service":"user-service"}
{"level":"error","message":"Error con el DNI: 75475319","service":"user-service"}
{"level":"info","message":"Registro exitoso DNI: 41459548","service":"user-service"}
{"level":"error","message":"Error con el DNI: 40980072","service":"user-service"}
{"level":"error","message":"Error con el DNI: 44129488","service":"user-service"}
{"level":"info","message":"Registro exitoso DNI: 74597259","service":"user-service"}
{"level":"info","message":"Registro exitoso DNI: 41542198","service":"user-service"}
{"level":"info","message":"Registro exitoso DNI: 71780807","service":"user-service"}
